../Drivers/STM32F0xx_HAL_Driver/Src/stm32f0xx_hal_rcc_ex.c:102:19:HAL_RCCEx_PeriphCLKConfig	40	static
../Drivers/STM32F0xx_HAL_Driver/Src/stm32f0xx_hal_rcc_ex.c:268:6:HAL_RCCEx_GetPeriphCLKConfig	0	static
../Drivers/STM32F0xx_HAL_Driver/Src/stm32f0xx_hal_rcc_ex.c:368:10:HAL_RCCEx_GetPeriphCLKFreq	24	static
../Drivers/STM32F0xx_HAL_Driver/Src/stm32f0xx_hal_rcc_ex.c:657:6:HAL_RCCEx_CRSConfig	8	static
../Drivers/STM32F0xx_HAL_Driver/Src/stm32f0xx_hal_rcc_ex.c:699:6:HAL_RCCEx_CRSSoftwareSynchronizationGenerate	0	static
../Drivers/STM32F0xx_HAL_Driver/Src/stm32f0xx_hal_rcc_ex.c:709:6:HAL_RCCEx_CRSGetSynchronizationInfo	0	static
../Drivers/STM32F0xx_HAL_Driver/Src/stm32f0xx_hal_rcc_ex.c:742:10:HAL_RCCEx_CRSWaitSynchronization	24	static
../Drivers/STM32F0xx_HAL_Driver/Src/stm32f0xx_hal_rcc_ex.c:890:13:HAL_RCCEx_CRS_SyncOkCallback	0	static
../Drivers/STM32F0xx_HAL_Driver/Src/stm32f0xx_hal_rcc_ex.c:901:13:HAL_RCCEx_CRS_SyncWarnCallback	0	static
../Drivers/STM32F0xx_HAL_Driver/Src/stm32f0xx_hal_rcc_ex.c:912:13:HAL_RCCEx_CRS_ExpectedSyncCallback	0	static
../Drivers/STM32F0xx_HAL_Driver/Src/stm32f0xx_hal_rcc_ex.c:928:13:HAL_RCCEx_CRS_ErrorCallback	0	static
../Drivers/STM32F0xx_HAL_Driver/Src/stm32f0xx_hal_rcc_ex.c:825:6:HAL_RCCEx_CRS_IRQHandler	8	static
