../Core/Src/printf.c:133:20:_out_buffer	0	static
../Core/Src/printf.c:142:20:_out_null	0	static
../Core/Src/printf.c:199:15:_out_rev	32	static
../Core/Src/printf.c:227:15:_ntoa_format	56	static
../Core/Src/printf.c:281:15:_ntoa_long	112	static
../Core/Src/printf.c:306:15:_ntoa_long_long	128	static
../Core/Src/printf.c:467:15:_etoa	104	static
../Core/Src/printf.c:339:15:_ftoa	128	static
../Core/Src/printf.c:149:20:_out_char	8	static
../Core/Src/printf.c:159:20:_out_fct	8	static
../Core/Src/printf.c:577:12:_vsnprintf	128	static
../Core/Src/printf.c:862:5:printf_	24	static
../Core/Src/printf.c:873:5:sprintf_	28	static
../Core/Src/printf.c:883:5:snprintf_	24	static
../Core/Src/printf.c:893:5:vprintf_	24	static
../Core/Src/printf.c:900:5:vsnprintf_	16	static
../Core/Src/printf.c:906:5:fctprintf	32	static
